// Jest Snapshot v1, https://goo.gl/fbAQLP

exports[`App renders the loading screen 1`] = `
<AppLoading
  onError={[Function]}
  onFinish={[Function]}
  startAsync={[Function]}
/>
`;

exports[`App renders the root without loading screen 1`] = `
<View
  style={
    Object {
      "backgroundColor": "#fff",
      "flex": 1,
    }
  }
>
  <AppNavigator />
  <View
    accessibilityRole="button"
    accessibilityStates={Array []}
    accessible={true}
    isTVSelectable={true}
    onResponderGrant={[Function]}
    onResponderMove={[Function]}
    onResponderRelease={[Function]}
    onResponderTerminate={[Function]}
    onResponderTerminationRequest={[Function]}
    onStartShouldSetResponder={[Function]}
    style={
      Object {
        "opacity": 1,
      }
    }
  >
    <View
      style={
        Array [
          Object {},
        ]
      }
    >
      <Text
        style={
          Array [
            Object {
              "color": "#007AFF",
              "fontSize": 18,
              "padding": 8,
              "textAlign": "center",
            },
          ]
        }
      >
        Signup
      </Text>
    </View>
  </View>
</View>
`;
